=== Benchmarking CFsubhr ===
  * Performing warm-up open...
Comparing I/O speed:  17%|█▋        | 1/6 [01:47<08:57, 107.56s/it]/global/homes/v/vo13/miniforge3/envs/xcdat_test_stable_min/lib/python3.14/site-packages/kerchunk/xarray_backend.py:47: SerializationWarning: Unable to decode time axis into full numpy.datetime64[ns] objects, continuing using cftime.datetime objects instead, reason: dates out of range. To silence this warning use a coarser resolution 'time_unit' or specify 'use_cftime=True'.
  return xr.open_zarr(
/global/homes/v/vo13/miniforge3/envs/xcdat_test_stable_min/lib/python3.14/site-packages/kerchunk/xarray_backend.py:47: SerializationWarning: Unable to decode time axis into full numpy.datetime64[ns] objects, continuing using cftime.datetime objects instead, reason: dates out of range. To silence this warning use a coarser resolution 'time_unit' or specify 'use_cftime=True'.
  return xr.open_zarr(
/global/homes/v/vo13/miniforge3/envs/xcdat_test_stable_min/lib/python3.14/site-packages/kerchunk/xarray_backend.py:47: SerializationWarning: Unable to decode time axis into full numpy.datetime64[ns] objects, continuing using cftime.datetime objects instead, reason: dates out of range. To silence this warning use a coarser resolution 'time_unit' or specify 'use_cftime=True'.
  return xr.open_zarr(
/global/u2/v/vo13/xCDAT/xcdat-validation/riotai/benchmark.py:90: SerializationWarning: Unable to decode time axis into full numpy.datetime64[ns] objects, continuing using cftime.datetime objects instead, reason: dates out of range. To silence this warning use a coarser resolution 'time_unit' or specify 'use_cftime=True'.
  with xc.open_mfdataset(
/global/u2/v/vo13/xCDAT/xcdat-validation/riotai/benchmark.py:90: SerializationWarning: Unable to decode time axis into full numpy.datetime64[ns] objects, continuing using cftime.datetime objects instead, reason: dates out of range. To silence this warning use a coarser resolution 'time_unit' or specify 'use_cftime=True'.
  with xc.open_mfdataset(
/global/u2/v/vo13/xCDAT/xcdat-validation/riotai/benchmark.py:90: SerializationWarning: Unable to decode time axis into full numpy.datetime64[ns] objects, continuing using cftime.datetime objects instead, reason: dates out of range. To silence this warning use a coarser resolution 'time_unit' or specify 'use_cftime=True'.
  with xc.open_mfdataset(
Comparing I/O speed:  33%|███▎      | 2/6 [07:39<16:44, 251.22s/it]
  * Skipping NetCDF error in CFsubhr: Cannot combine along dimension 'time' with mixed types. Found: Timestamp, DatetimeGregorian. If importing data directly from a file then setting `use_cftime=True` may fix this issue.
Comparing I/O speed: 100%|██████████| 6/6 [14:04<00:00, 140.75s/it]
CFsubhr (n=5): kerchunk=69.0895s, netcdf=40.4858s

=== Benchmarking Amon ===
  * Performing warm-up open...
Comparing I/O speed:   5%|▌         | 2/40 [00:07<02:21,  3.72s/it]/global/homes/v/vo13/miniforge3/envs/xcdat_test_stable_min/lib/python3.14/site-packages/xarray/coding/times.py:215: SerializationWarning: Ambiguous reference date string: 101-01-01. The first value is assumed to be the year hence will be padded with zeros to remove the ambiguity (the padded reference date string is: 0101-01-01). To remove this message, remove the ambiguity by padding your reference date strings with zeros.
  ref_date = _ensure_padded_year(ref_date)
/global/homes/v/vo13/miniforge3/envs/xcdat_test_stable_min/lib/python3.14/site-packages/kerchunk/xarray_backend.py:47: SerializationWarning: Unable to decode time axis into full numpy.datetime64 objects, continuing using cftime.datetime objects instead, reason: dates prior reform date (1582-10-15). To silence this warning specify 'use_cftime=True'.
  return xr.open_zarr(
/global/homes/v/vo13/miniforge3/envs/xcdat_test_stable_min/lib/python3.14/site-packages/xarray/coding/times.py:215: SerializationWarning: Ambiguous reference date string: 101-01-01. The first value is assumed to be the year hence will be padded with zeros to remove the ambiguity (the padded reference date string is: 0101-01-01). To remove this message, remove the ambiguity by padding your reference date strings with zeros.
  ref_date = _ensure_padded_year(ref_date)
/global/homes/v/vo13/miniforge3/envs/xcdat_test_stable_min/lib/python3.14/site-packages/kerchunk/xarray_backend.py:47: SerializationWarning: Unable to decode time axis into full numpy.datetime64 objects, continuing using cftime.datetime objects instead, reason: dates prior reform date (1582-10-15). To silence this warning specify 'use_cftime=True'.
  return xr.open_zarr(
/global/homes/v/vo13/miniforge3/envs/xcdat_test_stable_min/lib/python3.14/site-packages/xarray/coding/times.py:215: SerializationWarning: Ambiguous reference date string: 101-01-01. The first value is assumed to be the year hence will be padded with zeros to remove the ambiguity (the padded reference date string is: 0101-01-01). To remove this message, remove the ambiguity by padding your reference date strings with zeros.
  ref_date = _ensure_padded_year(ref_date)
/global/u2/v/vo13/xCDAT/xcdat-validation/riotai/benchmark.py:90: SerializationWarning: Unable to decode time axis into full numpy.datetime64 objects, continuing using cftime.datetime objects instead, reason: dates prior reform date (1582-10-15). To silence this warning specify 'use_cftime=True'.
  with xc.open_mfdataset(
/global/homes/v/vo13/miniforge3/envs/xcdat_test_stable_min/lib/python3.14/site-packages/xarray/coding/times.py:215: SerializationWarning: Ambiguous reference date string: 101-01-01. The first value is assumed to be the year hence will be padded with zeros to remove the ambiguity (the padded reference date string is: 0101-01-01). To remove this message, remove the ambiguity by padding your reference date strings with zeros.
  ref_date = _ensure_padded_year(ref_date)
/global/u2/v/vo13/xCDAT/xcdat-validation/riotai/benchmark.py:90: SerializationWarning: Unable to decode time axis into full numpy.datetime64 objects, continuing using cftime.datetime objects instead, reason: dates prior reform date (1582-10-15). To silence this warning specify 'use_cftime=True'.
  with xc.open_mfdataset(
/global/homes/v/vo13/miniforge3/envs/xcdat_test_stable_min/lib/python3.14/site-packages/xarray/coding/times.py:215: SerializationWarning: Ambiguous reference date string: 101-01-01. The first value is assumed to be the year hence will be padded with zeros to remove the ambiguity (the padded reference date string is: 0101-01-01). To remove this message, remove the ambiguity by padding your reference date strings with zeros.
  ref_date = _ensure_padded_year(ref_date)
/global/u2/v/vo13/xCDAT/xcdat-validation/riotai/benchmark.py:90: SerializationWarning: Unable to decode time axis into full numpy.datetime64 objects, continuing using cftime.datetime objects instead, reason: dates prior reform date (1582-10-15). To silence this warning specify 'use_cftime=True'.
  with xc.open_mfdataset(
/global/homes/v/vo13/miniforge3/envs/xcdat_test_stable_min/lib/python3.14/site-packages/xarray/coding/times.py:215: SerializationWarning: Ambiguous reference date string: 101-01-01. The first value is assumed to be the year hence will be padded with zeros to remove the ambiguity (the padded reference date string is: 0101-01-01). To remove this message, remove the ambiguity by padding your reference date strings with zeros.
  ref_date = _ensure_padded_year(ref_date)
/global/u2/v/vo13/xCDAT/xcdat-validation/riotai/benchmark.py:90: SerializationWarning: Unable to decode time axis into full numpy.datetime64 objects, continuing using cftime.datetime objects instead, reason: dates prior reform date (1582-10-15). To silence this warning specify 'use_cftime=True'.
  with xc.open_mfdataset(
/global/homes/v/vo13/miniforge3/envs/xcdat_test_stable_min/lib/python3.14/site-packages/xarray/coding/times.py:215: SerializationWarning: Ambiguous reference date string: 101-01-01. The first value is assumed to be the year hence will be padded with zeros to remove the ambiguity (the padded reference date string is: 0101-01-01). To remove this message, remove the ambiguity by padding your reference date strings with zeros.
  ref_date = _ensure_padded_year(ref_date)
/global/u2/v/vo13/xCDAT/xcdat-validation/riotai/benchmark.py:90: SerializationWarning: Unable to decode time axis into full numpy.datetime64 objects, continuing using cftime.datetime objects instead, reason: dates prior reform date (1582-10-15). To silence this warning specify 'use_cftime=True'.
  with xc.open_mfdataset(
/global/homes/v/vo13/miniforge3/envs/xcdat_test_stable_min/lib/python3.14/site-packages/xarray/coding/times.py:215: SerializationWarning: Ambiguous reference date string: 101-01-01. The first value is assumed to be the year hence will be padded with zeros to remove the ambiguity (the padded reference date string is: 0101-01-01). To remove this message, remove the ambiguity by padding your reference date strings with zeros.
  ref_date = _ensure_padded_year(ref_date)
/global/u2/v/vo13/xCDAT/xcdat-validation/riotai/benchmark.py:90: SerializationWarning: Unable to decode time axis into full numpy.datetime64 objects, continuing using cftime.datetime objects instead, reason: dates prior reform date (1582-10-15). To silence this warning specify 'use_cftime=True'.
  with xc.open_mfdataset(
/global/homes/v/vo13/miniforge3/envs/xcdat_test_stable_min/lib/python3.14/site-packages/xarray/coding/times.py:215: SerializationWarning: Ambiguous reference date string: 101-01-01. The first value is assumed to be the year hence will be padded with zeros to remove the ambiguity (the padded reference date string is: 0101-01-01). To remove this message, remove the ambiguity by padding your reference date strings with zeros.
  ref_date = _ensure_padded_year(ref_date)
/global/u2/v/vo13/xCDAT/xcdat-validation/riotai/benchmark.py:90: SerializationWarning: Unable to decode time axis into full numpy.datetime64 objects, continuing using cftime.datetime objects instead, reason: dates prior reform date (1582-10-15). To silence this warning specify 'use_cftime=True'.
  with xc.open_mfdataset(
/global/homes/v/vo13/miniforge3/envs/xcdat_test_stable_min/lib/python3.14/site-packages/xarray/coding/times.py:215: SerializationWarning: Ambiguous reference date string: 101-01-01. The first value is assumed to be the year hence will be padded with zeros to remove the ambiguity (the padded reference date string is: 0101-01-01). To remove this message, remove the ambiguity by padding your reference date strings with zeros.
  ref_date = _ensure_padded_year(ref_date)
/global/u2/v/vo13/xCDAT/xcdat-validation/riotai/benchmark.py:90: SerializationWarning: Unable to decode time axis into full numpy.datetime64 objects, continuing using cftime.datetime objects instead, reason: dates prior reform date (1582-10-15). To silence this warning specify 'use_cftime=True'.
  with xc.open_mfdataset(
/global/homes/v/vo13/miniforge3/envs/xcdat_test_stable_min/lib/python3.14/site-packages/xarray/coding/times.py:215: SerializationWarning: Ambiguous reference date string: 101-01-01. The first value is assumed to be the year hence will be padded with zeros to remove the ambiguity (the padded reference date string is: 0101-01-01). To remove this message, remove the ambiguity by padding your reference date strings with zeros.
  ref_date = _ensure_padded_year(ref_date)
/global/u2/v/vo13/xCDAT/xcdat-validation/riotai/benchmark.py:90: SerializationWarning: Unable to decode time axis into full numpy.datetime64 objects, continuing using cftime.datetime objects instead, reason: dates prior reform date (1582-10-15). To silence this warning specify 'use_cftime=True'.
  with xc.open_mfdataset(
/global/homes/v/vo13/miniforge3/envs/xcdat_test_stable_min/lib/python3.14/site-packages/xarray/coding/times.py:215: SerializationWarning: Ambiguous reference date string: 101-01-01. The first value is assumed to be the year hence will be padded with zeros to remove the ambiguity (the padded reference date string is: 0101-01-01). To remove this message, remove the ambiguity by padding your reference date strings with zeros.
  ref_date = _ensure_padded_year(ref_date)
/global/u2/v/vo13/xCDAT/xcdat-validation/riotai/benchmark.py:90: SerializationWarning: Unable to decode time axis into full numpy.datetime64 objects, continuing using cftime.datetime objects instead, reason: dates prior reform date (1582-10-15). To silence this warning specify 'use_cftime=True'.
  with xc.open_mfdataset(
/global/homes/v/vo13/miniforge3/envs/xcdat_test_stable_min/lib/python3.14/site-packages/xarray/coding/times.py:215: SerializationWarning: Ambiguous reference date string: 101-01-01. The first value is assumed to be the year hence will be padded with zeros to remove the ambiguity (the padded reference date string is: 0101-01-01). To remove this message, remove the ambiguity by padding your reference date strings with zeros.
  ref_date = _ensure_padded_year(ref_date)
/global/u2/v/vo13/xCDAT/xcdat-validation/riotai/benchmark.py:90: SerializationWarning: Unable to decode time axis into full numpy.datetime64 objects, continuing using cftime.datetime objects instead, reason: dates prior reform date (1582-10-15). To silence this warning specify 'use_cftime=True'.
  with xc.open_mfdataset(
/global/homes/v/vo13/miniforge3/envs/xcdat_test_stable_min/lib/python3.14/site-packages/xarray/coding/times.py:215: SerializationWarning: Ambiguous reference date string: 101-01-01. The first value is assumed to be the year hence will be padded with zeros to remove the ambiguity (the padded reference date string is: 0101-01-01). To remove this message, remove the ambiguity by padding your reference date strings with zeros.
  ref_date = _ensure_padded_year(ref_date)
/global/u2/v/vo13/xCDAT/xcdat-validation/riotai/benchmark.py:90: SerializationWarning: Unable to decode time axis into full numpy.datetime64 objects, continuing using cftime.datetime objects instead, reason: dates prior reform date (1582-10-15). To silence this warning specify 'use_cftime=True'.
  with xc.open_mfdataset(
/global/homes/v/vo13/miniforge3/envs/xcdat_test_stable_min/lib/python3.14/site-packages/xarray/coding/times.py:215: SerializationWarning: Ambiguous reference date string: 101-01-01. The first value is assumed to be the year hence will be padded with zeros to remove the ambiguity (the padded reference date string is: 0101-01-01). To remove this message, remove the ambiguity by padding your reference date strings with zeros.
  ref_date = _ensure_padded_year(ref_date)
/global/u2/v/vo13/xCDAT/xcdat-validation/riotai/benchmark.py:90: SerializationWarning: Unable to decode time axis into full numpy.datetime64 objects, continuing using cftime.datetime objects instead, reason: dates prior reform date (1582-10-15). To silence this warning specify 'use_cftime=True'.
  with xc.open_mfdataset(
/global/homes/v/vo13/miniforge3/envs/xcdat_test_stable_min/lib/python3.14/site-packages/xarray/coding/times.py:215: SerializationWarning: Ambiguous reference date string: 101-01-01. The first value is assumed to be the year hence will be padded with zeros to remove the ambiguity (the padded reference date string is: 0101-01-01). To remove this message, remove the ambiguity by padding your reference date strings with zeros.
  ref_date = _ensure_padded_year(ref_date)
/global/u2/v/vo13/xCDAT/xcdat-validation/riotai/benchmark.py:90: SerializationWarning: Unable to decode time axis into full numpy.datetime64 objects, continuing using cftime.datetime objects instead, reason: dates prior reform date (1582-10-15). To silence this warning specify 'use_cftime=True'.
  with xc.open_mfdataset(
/global/homes/v/vo13/miniforge3/envs/xcdat_test_stable_min/lib/python3.14/site-packages/xarray/coding/times.py:215: SerializationWarning: Ambiguous reference date string: 101-01-01. The first value is assumed to be the year hence will be padded with zeros to remove the ambiguity (the padded reference date string is: 0101-01-01). To remove this message, remove the ambiguity by padding your reference date strings with zeros.
  ref_date = _ensure_padded_year(ref_date)
/global/u2/v/vo13/xCDAT/xcdat-validation/riotai/benchmark.py:90: SerializationWarning: Unable to decode time axis into full numpy.datetime64 objects, continuing using cftime.datetime objects instead, reason: dates prior reform date (1582-10-15). To silence this warning specify 'use_cftime=True'.
  with xc.open_mfdataset(
/global/homes/v/vo13/miniforge3/envs/xcdat_test_stable_min/lib/python3.14/site-packages/xarray/coding/times.py:215: SerializationWarning: Ambiguous reference date string: 101-01-01. The first value is assumed to be the year hence will be padded with zeros to remove the ambiguity (the padded reference date string is: 0101-01-01). To remove this message, remove the ambiguity by padding your reference date strings with zeros.
  ref_date = _ensure_padded_year(ref_date)
/global/u2/v/vo13/xCDAT/xcdat-validation/riotai/benchmark.py:90: SerializationWarning: Unable to decode time axis into full numpy.datetime64 objects, continuing using cftime.datetime objects instead, reason: dates prior reform date (1582-10-15). To silence this warning specify 'use_cftime=True'.
  with xc.open_mfdataset(
/global/homes/v/vo13/miniforge3/envs/xcdat_test_stable_min/lib/python3.14/site-packages/xarray/coding/times.py:215: SerializationWarning: Ambiguous reference date string: 101-01-01. The first value is assumed to be the year hence will be padded with zeros to remove the ambiguity (the padded reference date string is: 0101-01-01). To remove this message, remove the ambiguity by padding your reference date strings with zeros.
  ref_date = _ensure_padded_year(ref_date)
/global/u2/v/vo13/xCDAT/xcdat-validation/riotai/benchmark.py:90: SerializationWarning: Unable to decode time axis into full numpy.datetime64 objects, continuing using cftime.datetime objects instead, reason: dates prior reform date (1582-10-15). To silence this warning specify 'use_cftime=True'.
  with xc.open_mfdataset(
/global/homes/v/vo13/miniforge3/envs/xcdat_test_stable_min/lib/python3.14/site-packages/xarray/coding/times.py:215: SerializationWarning: Ambiguous reference date string: 101-01-01. The first value is assumed to be the year hence will be padded with zeros to remove the ambiguity (the padded reference date string is: 0101-01-01). To remove this message, remove the ambiguity by padding your reference date strings with zeros.
  ref_date = _ensure_padded_year(ref_date)
/global/u2/v/vo13/xCDAT/xcdat-validation/riotai/benchmark.py:90: SerializationWarning: Unable to decode time axis into full numpy.datetime64 objects, continuing using cftime.datetime objects instead, reason: dates prior reform date (1582-10-15). To silence this warning specify 'use_cftime=True'.
  with xc.open_mfdataset(
/global/homes/v/vo13/miniforge3/envs/xcdat_test_stable_min/lib/python3.14/site-packages/xarray/coding/times.py:215: SerializationWarning: Ambiguous reference date string: 101-01-01. The first value is assumed to be the year hence will be padded with zeros to remove the ambiguity (the padded reference date string is: 0101-01-01). To remove this message, remove the ambiguity by padding your reference date strings with zeros.
  ref_date = _ensure_padded_year(ref_date)
/global/u2/v/vo13/xCDAT/xcdat-validation/riotai/benchmark.py:90: SerializationWarning: Unable to decode time axis into full numpy.datetime64 objects, continuing using cftime.datetime objects instead, reason: dates prior reform date (1582-10-15). To silence this warning specify 'use_cftime=True'.
  with xc.open_mfdataset(
/global/homes/v/vo13/miniforge3/envs/xcdat_test_stable_min/lib/python3.14/site-packages/xarray/coding/times.py:215: SerializationWarning: Ambiguous reference date string: 101-01-01. The first value is assumed to be the year hence will be padded with zeros to remove the ambiguity (the padded reference date string is: 0101-01-01). To remove this message, remove the ambiguity by padding your reference date strings with zeros.
  ref_date = _ensure_padded_year(ref_date)
/global/u2/v/vo13/xCDAT/xcdat-validation/riotai/benchmark.py:90: SerializationWarning: Unable to decode time axis into full numpy.datetime64 objects, continuing using cftime.datetime objects instead, reason: dates prior reform date (1582-10-15). To silence this warning specify 'use_cftime=True'.
  with xc.open_mfdataset(
Comparing I/O speed:  52%|█████▎    | 21/40 [00:59<00:53,  2.80s/it]/global/u2/v/vo13/xCDAT/xcdat-validation/riotai/benchmark.py:90: FutureWarning: In a future version of xarray the default value for join will change from join='outer' to join='exact'. This change will result in the following ValueError: cannot be aligned with join='exact' because index/labels/sizes are not equal along these coordinates (dimensions): 'lat' ('lat',) The recommendation is to set join explicitly for this case.
  with xc.open_mfdataset(
Comparing I/O speed:  57%|█████▊    | 23/40 [01:04<00:47,  2.77s/it]/global/u2/v/vo13/xCDAT/xcdat-validation/riotai/benchmark.py:90: FutureWarning: In a future version of xarray the default value for join will change from join='outer' to join='exact'. This change will result in the following ValueError: cannot be aligned with join='exact' because index/labels/sizes are not equal along these coordinates (dimensions): 'lat' ('lat',) The recommendation is to set join explicitly for this case.
  with xc.open_mfdataset(
Comparing I/O speed:  78%|███████▊  | 31/40 [01:15<00:18,  2.01s/it]/global/homes/v/vo13/miniforge3/envs/xcdat_test_stable_min/lib/python3.14/site-packages/xarray/conventions.py:204: SerializationWarning: variable 'tas' has multiple fill values {np.float32(1e+20), np.float64(1e+20)} defined, decoding all values to NaN.
  var = coder.decode(var, name=name)
/global/homes/v/vo13/miniforge3/envs/xcdat_test_stable_min/lib/python3.14/site-packages/xarray/conventions.py:204: SerializationWarning: variable 'tas' has multiple fill values {np.float32(1e+20), np.float64(1e+20)} defined, decoding all values to NaN.
  var = coder.decode(var, name=name)
/global/homes/v/vo13/miniforge3/envs/xcdat_test_stable_min/lib/python3.14/site-packages/xarray/conventions.py:204: SerializationWarning: variable 'tas' has multiple fill values {np.float32(1e+20), np.float64(1e+20)} defined, decoding all values to NaN.
  var = coder.decode(var, name=name)
Comparing I/O speed: 100%|██████████| 40/40 [01:18<00:00,  1.97s/it]
Amon (n=40): kerchunk=0.1648s, netcdf=0.3127s

=== Benchmarking day ===
  * Performing warm-up open...
Comparing I/O speed:  62%|██████▎   | 25/40 [06:50<04:17, 17.18s/it]/global/homes/v/vo13/miniforge3/envs/xcdat_test_stable_min/lib/python3.14/site-packages/xarray/conventions.py:204: SerializationWarning: variable 'tas' has multiple fill values {np.float32(1e+20), np.float64(1e+20)} defined, decoding all values to NaN.
  var = coder.decode(var, name=name)
/global/homes/v/vo13/miniforge3/envs/xcdat_test_stable_min/lib/python3.14/site-packages/xarray/conventions.py:204: SerializationWarning: variable 'tas' has multiple fill values {np.float32(1e+20), np.float64(1e+20)} defined, decoding all values to NaN.
  var = coder.decode(var, name=name)
/global/homes/v/vo13/miniforge3/envs/xcdat_test_stable_min/lib/python3.14/site-packages/xarray/conventions.py:204: SerializationWarning: variable 'tas' has multiple fill values {np.float32(1e+20), np.float64(1e+20)} defined, decoding all values to NaN.
  var = coder.decode(var, name=name)
/global/homes/v/vo13/miniforge3/envs/xcdat_test_stable_min/lib/python3.14/site-packages/xarray/conventions.py:204: SerializationWarning: variable 'tas' has multiple fill values {np.float32(1e+20), np.float64(1e+20)} defined, decoding all values to NaN.
  var = coder.decode(var, name=name)
/global/homes/v/vo13/miniforge3/envs/xcdat_test_stable_min/lib/python3.14/site-packages/xarray/conventions.py:204: SerializationWarning: variable 'tas' has multiple fill values {np.float32(1e+20), np.float64(1e+20)} defined, decoding all values to NaN.
  var = coder.decode(var, name=name)
/global/homes/v/vo13/miniforge3/envs/xcdat_test_stable_min/lib/python3.14/site-packages/xarray/conventions.py:204: SerializationWarning: variable 'tas' has multiple fill values {np.float32(1e+20), np.float64(1e+20)} defined, decoding all values to NaN.
  var = coder.decode(var, name=name)
/global/homes/v/vo13/miniforge3/envs/xcdat_test_stable_min/lib/python3.14/site-packages/xarray/conventions.py:204: SerializationWarning: variable 'tas' has multiple fill values {np.float32(1e+20), np.float64(1e+20)} defined, decoding all values to NaN.
  var = coder.decode(var, name=name)
/global/homes/v/vo13/miniforge3/envs/xcdat_test_stable_min/lib/python3.14/site-packages/xarray/conventions.py:204: SerializationWarning: variable 'tas' has multiple fill values {np.float32(1e+20), np.float64(1e+20)} defined, decoding all values to NaN.
  var = coder.decode(var, name=name)
/global/homes/v/vo13/miniforge3/envs/xcdat_test_stable_min/lib/python3.14/site-packages/xarray/conventions.py:204: SerializationWarning: variable 'tas' has multiple fill values {np.float32(1e+20), np.float64(1e+20)} defined, decoding all values to NaN.
  var = coder.decode(var, name=name)
/global/homes/v/vo13/miniforge3/envs/xcdat_test_stable_min/lib/python3.14/site-packages/xarray/conventions.py:204: SerializationWarning: variable 'tas' has multiple fill values {np.float32(1e+20), np.float64(1e+20)} defined, decoding all values to NaN.
  var = coder.decode(var, name=name)
/global/homes/v/vo13/miniforge3/envs/xcdat_test_stable_min/lib/python3.14/site-packages/xarray/conventions.py:204: SerializationWarning: variable 'tas' has multiple fill values {np.float32(1e+20), np.float64(1e+20)} defined, decoding all values to NaN.
  var = coder.decode(var, name=name)
/global/homes/v/vo13/miniforge3/envs/xcdat_test_stable_min/lib/python3.14/site-packages/xarray/conventions.py:204: SerializationWarning: variable 'tas' has multiple fill values {np.float32(1e+20), np.float64(1e+20)} defined, decoding all values to NaN.
  var = coder.decode(var, name=name)
/global/homes/v/vo13/miniforge3/envs/xcdat_test_stable_min/lib/python3.14/site-packages/xarray/conventions.py:204: SerializationWarning: variable 'tas' has multiple fill values {np.float32(1e+20), np.float64(1e+20)} defined, decoding all values to NaN.
  var = coder.decode(var, name=name)
/global/homes/v/vo13/miniforge3/envs/xcdat_test_stable_min/lib/python3.14/site-packages/xarray/conventions.py:204: SerializationWarning: variable 'tas' has multiple fill values {np.float32(1e+20), np.float64(1e+20)} defined, decoding all values to NaN.
  var = coder.decode(var, name=name)
/global/homes/v/vo13/miniforge3/envs/xcdat_test_stable_min/lib/python3.14/site-packages/xarray/conventions.py:204: SerializationWarning: variable 'tas' has multiple fill values {np.float32(1e+20), np.float64(1e+20)} defined, decoding all values to NaN.
  var = coder.decode(var, name=name)
/global/homes/v/vo13/miniforge3/envs/xcdat_test_stable_min/lib/python3.14/site-packages/xarray/conventions.py:204: SerializationWarning: variable 'tas' has multiple fill values {np.float32(1e+20), np.float64(1e+20)} defined, decoding all values to NaN.
  var = coder.decode(var, name=name)
/global/homes/v/vo13/miniforge3/envs/xcdat_test_stable_min/lib/python3.14/site-packages/xarray/conventions.py:204: SerializationWarning: variable 'tas' has multiple fill values {np.float32(1e+20), np.float64(1e+20)} defined, decoding all values to NaN.
  var = coder.decode(var, name=name)
/global/homes/v/vo13/miniforge3/envs/xcdat_test_stable_min/lib/python3.14/site-packages/xarray/conventions.py:204: SerializationWarning: variable 'tas' has multiple fill values {np.float32(1e+20), np.float64(1e+20)} defined, decoding all values to NaN.
  var = coder.decode(var, name=name)
Comparing I/O speed:  78%|███████▊  | 31/40 [07:30<01:34, 10.48s/it]/global/homes/v/vo13/miniforge3/envs/xcdat_test_stable_min/lib/python3.14/site-packages/xarray/conventions.py:204: SerializationWarning: variable 'tas' has multiple fill values {np.float32(1e+20), np.float64(1e+20)} defined, decoding all values to NaN.
  var = coder.decode(var, name=name)
/global/homes/v/vo13/miniforge3/envs/xcdat_test_stable_min/lib/python3.14/site-packages/xarray/conventions.py:204: SerializationWarning: variable 'tas' has multiple fill values {np.float32(1e+20), np.float64(1e+20)} defined, decoding all values to NaN.
  var = coder.decode(var, name=name)
/global/homes/v/vo13/miniforge3/envs/xcdat_test_stable_min/lib/python3.14/site-packages/xarray/conventions.py:204: SerializationWarning: variable 'tas' has multiple fill values {np.float32(1e+20), np.float64(1e+20)} defined, decoding all values to NaN.
  var = coder.decode(var, name=name)
/global/homes/v/vo13/miniforge3/envs/xcdat_test_stable_min/lib/python3.14/site-packages/xarray/conventions.py:204: SerializationWarning: variable 'tas' has multiple fill values {np.float32(1e+20), np.float64(1e+20)} defined, decoding all values to NaN.
  var = coder.decode(var, name=name)
/global/homes/v/vo13/miniforge3/envs/xcdat_test_stable_min/lib/python3.14/site-packages/xarray/conventions.py:204: SerializationWarning: variable 'tas' has multiple fill values {np.float32(1e+20), np.float64(1e+20)} defined, decoding all values to NaN.
  var = coder.decode(var, name=name)
/global/homes/v/vo13/miniforge3/envs/xcdat_test_stable_min/lib/python3.14/site-packages/xarray/conventions.py:204: SerializationWarning: variable 'tas' has multiple fill values {np.float32(1e+20), np.float64(1e+20)} defined, decoding all values to NaN.
  var = coder.decode(var, name=name)
/global/homes/v/vo13/miniforge3/envs/xcdat_test_stable_min/lib/python3.14/site-packages/xarray/conventions.py:204: SerializationWarning: variable 'tas' has multiple fill values {np.float32(1e+20), np.float64(1e+20)} defined, decoding all values to NaN.
  var = coder.decode(var, name=name)
/global/homes/v/vo13/miniforge3/envs/xcdat_test_stable_min/lib/python3.14/site-packages/xarray/conventions.py:204: SerializationWarning: variable 'tas' has multiple fill values {np.float32(1e+20), np.float64(1e+20)} defined, decoding all values to NaN.
  var = coder.decode(var, name=name)
/global/homes/v/vo13/miniforge3/envs/xcdat_test_stable_min/lib/python3.14/site-packages/xarray/conventions.py:204: SerializationWarning: variable 'tas' has multiple fill values {np.float32(1e+20), np.float64(1e+20)} defined, decoding all values to NaN.
  var = coder.decode(var, name=name)
/global/homes/v/vo13/miniforge3/envs/xcdat_test_stable_min/lib/python3.14/site-packages/xarray/conventions.py:204: SerializationWarning: variable 'tas' has multiple fill values {np.float32(1e+20), np.float64(1e+20)} defined, decoding all values to NaN.
  var = coder.decode(var, name=name)
/global/homes/v/vo13/miniforge3/envs/xcdat_test_stable_min/lib/python3.14/site-packages/xarray/conventions.py:204: SerializationWarning: variable 'tas' has multiple fill values {np.float32(1e+20), np.float64(1e+20)} defined, decoding all values to NaN.
  var = coder.decode(var, name=name)
/global/homes/v/vo13/miniforge3/envs/xcdat_test_stable_min/lib/python3.14/site-packages/xarray/conventions.py:204: SerializationWarning: variable 'tas' has multiple fill values {np.float32(1e+20), np.float64(1e+20)} defined, decoding all values to NaN.
  var = coder.decode(var, name=name)
/global/homes/v/vo13/miniforge3/envs/xcdat_test_stable_min/lib/python3.14/site-packages/xarray/conventions.py:204: SerializationWarning: variable 'tas' has multiple fill values {np.float32(1e+20), np.float64(1e+20)} defined, decoding all values to NaN.
  var = coder.decode(var, name=name)
/global/homes/v/vo13/miniforge3/envs/xcdat_test_stable_min/lib/python3.14/site-packages/xarray/conventions.py:204: SerializationWarning: variable 'tas' has multiple fill values {np.float32(1e+20), np.float64(1e+20)} defined, decoding all values to NaN.
  var = coder.decode(var, name=name)
/global/homes/v/vo13/miniforge3/envs/xcdat_test_stable_min/lib/python3.14/site-packages/xarray/conventions.py:204: SerializationWarning: variable 'tas' has multiple fill values {np.float32(1e+20), np.float64(1e+20)} defined, decoding all values to NaN.
  var = coder.decode(var, name=name)
/global/homes/v/vo13/miniforge3/envs/xcdat_test_stable_min/lib/python3.14/site-packages/xarray/conventions.py:204: SerializationWarning: variable 'tas' has multiple fill values {np.float32(1e+20), np.float64(1e+20)} defined, decoding all values to NaN.
  var = coder.decode(var, name=name)
/global/homes/v/vo13/miniforge3/envs/xcdat_test_stable_min/lib/python3.14/site-packages/xarray/conventions.py:204: SerializationWarning: variable 'tas' has multiple fill values {np.float32(1e+20), np.float64(1e+20)} defined, decoding all values to NaN.
  var = coder.decode(var, name=name)
/global/homes/v/vo13/miniforge3/envs/xcdat_test_stable_min/lib/python3.14/site-packages/xarray/conventions.py:204: SerializationWarning: variable 'tas' has multiple fill values {np.float32(1e+20), np.float64(1e+20)} defined, decoding all values to NaN.
  var = coder.decode(var, name=name)
Comparing I/O speed: 100%|██████████| 40/40 [08:28<00:00, 12.72s/it]
day (n=40): kerchunk=0.6913s, netcdf=4.7803s

=== Benchmarking ImonAnt ===
  * Performing warm-up open...
Comparing I/O speed: 100%|██████████| 10/10 [00:02<00:00,  4.73it/s]
ImonAnt (n=10): kerchunk=0.1472s, netcdf=0.0656s

=== Benchmarking AERhr ===
  * Performing warm-up open...
Comparing I/O speed: 100%|██████████| 9/9 [23:33<00:00, 157.06s/it]
AERhr (n=9): kerchunk=16.7902s, netcdf=126.3197s

=== Benchmarking ImonGre ===
  * Performing warm-up open...
Comparing I/O speed: 100%|██████████| 10/10 [00:03<00:00,  2.78it/s]
ImonGre (n=10): kerchunk=0.1542s, netcdf=0.0710s
